../Core/Src/main.c:92:6:TM1637_delay	16	static
../Core/Src/main.c:97:6:TM1637_start	8	static
../Core/Src/main.c:105:6:TM1637_stop	8	static
../Core/Src/main.c:116:6:TM1637_writeByte	24	static
../Core/Src/main.c:140:6:TM1637_sendCommand	16	static
../Core/Src/main.c:147:6:TM1637_setBrightness	16	static
../Core/Src/main.c:152:6:TM1637_displayDigit	16	static
../Core/Src/main.c:164:6:TM1637_displayNumber	24	static
../Core/Src/main.c:180:5:main	32	static
../Core/Src/main.c:211:6:SystemClock_Config	88	static
../Core/Src/main.c:261:6:Error_Handler	4	static,ignoring_inline_asm
