11:05:17 **** Incremental Build of configuration Debug for project Led_check ****
make -j16 all 
arm-none-eabi-gcc "../Core/Src/main.c" -mcpu=cortex-m4 -std=gnu11 -g3 -DDEBUG -DUSE_HAL_DRIVER -DSTM32F401xE -c -I../Core/Inc -I../Drivers/STM32F4xx_HAL_Driver/Inc -I../Drivers/STM32F4xx_HAL_Driver/Inc/Legacy -I../Drivers/CMSIS/Device/ST/STM32F4xx/Include -I../Drivers/CMSIS/Include -O0 -ffunction-sections -fdata-sections -Wall -fstack-usage -fcyclomatic-complexity -MMD -MP -MF"Core/Src/main.d" -MT"Core/Src/main.o" --specs=nano.specs -mfpu=fpv4-sp-d16 -mfloat-abi=hard -mthumb -o "Core/Src/main.o"
arm-none-eabi-gcc -o "Led_check.elf" @"objects.list"   -mcpu=cortex-m4 -T"C:\Users\chand\OneDrive\Desktop\ISMOT_Projects\Led_check\STM32F401RETX_FLASH.ld" --specs=nosys.specs -Wl,-Map="Led_check.map" -Wl,--gc-sections -static --specs=nano.specs -mfpu=fpv4-sp-d16 -mfloat-abi=hard -mthumb -Wl,--start-group -lc -lm -Wl,--end-group
Finished building target: Led_check.elf
 
arm-none-eabi-size  Led_check.elf 
arm-none-eabi-objdump -h -S Led_check.elf  > "Led_check.list"
   text	   data	    bss	    dec	    hex	filename
   8032	     12	   1644	   9688	   25d8	Led_check.elf
Finished building: default.size.stdout
 
Finished building: Led_check.list
 

11:05:19 Build Finished. 0 errors, 0 warnings. (took 1s.849ms)

